// Jest Snapshot v1, https://goo.gl/fbAQLP

exports[`Does Header render correctly? 1`] = `
<header>
  <nav
    className="jsx-2828623846"
  >
    <ul
      className="jsx-2828623846"
    >
      <li
        className="jsx-2828623846"
      >
        <a
          className="jsx-2828623846"
          href="/"
          onClick={[Function]}
        >
          Flexin Bows with Terry
        </a>
      </li>
    </ul>
  </nav>
</header>
`;
