// Jest Snapshot v1, https://goo.gl/fbAQLP

exports[`Does ImageCard render correctly? 1`] = `
<div
  className="jsx-776312227"
>
  <img
    alt="get it done"
    className="jsx-776312227"
    src="https://placekitten.com/200/300"
  />
</div>
`;
