// Jest Snapshot v1, https://goo.gl/fbAQLP

exports[`Does WorkoutList render correctly? 1`] = `
<div>
  <ul>
    <li>
      <a
        href="/better-body"
        onClick={[Function]}
      >
        Better Body
      </a>
    </li>
    <li>
      <a
        href="/advanced-conditioning"
        onClick={[Function]}
      >
        Advanced Conditioning
      </a>
    </li>
    <li>
      <a
        href="/body-building"
        onClick={[Function]}
      >
        Body Building
      </a>
    </li>
    <li>
      <a
        href="/strength-training"
        onClick={[Function]}
      >
        Strength Training
      </a>
    </li>
    <li>
      <a
        href="/aerobic"
        onClick={[Function]}
      >
        Aerobic
      </a>
    </li>
    <li>
      <a
        href="/upper-lower-body"
        onClick={[Function]}
      >
        Upper Lower Body
      </a>
    </li>
    <li>
      <a
        href="/anaerobic"
        onClick={[Function]}
      >
        Anaerobic
      </a>
    </li>
  </ul>
</div>
`;
